C:\>cd Users\assharma\source\repos\tavisca-asmita\CICD\CommandLineExecution

C:\Users\assharma\source\repos\tavisca-asmita\CICD\CommandLineExecution>dotnet build
Microsoft (R) Build Engine version 15.9.20+g88f5fadfbe for .NET Core
Copyright (C) Microsoft Corporation. All rights reserved.

  Restore completed in 40.81 ms for C:\Users\assharma\source\repos\tavisca-asmita\CICD\CommandLineExecution\CommandLineExecution.csproj.
  CommandLineExecution -> C:\Users\assharma\source\repos\tavisca-asmita\CICD\CommandLineExecution\bin\Debug\netcoreapp2.1\CommandLineExecution.dll

Build succeeded.
    0 Warning(s)
    0 Error(s)

Time Elapsed 00:00:01.06

C:\Users\assharma\source\repos\tavisca-asmita\CICD\CommandLineExecution>dotnet run
Hello World!

C:\Users\assharma\source\repos\tavisca-asmita\CICD\CommandLineExecution>cd ..

C:\Users\assharma\source\repos\tavisca-asmita\CICD>cd XUnitTestProject1

C:\Users\assharma\source\repos\tavisca-asmita\CICD\XUnitTestProject1>dotnet build
Microsoft (R) Build Engine version 15.9.20+g88f5fadfbe for .NET Core
Copyright (C) Microsoft Corporation. All rights reserved.

  Restore completed in 39.79 ms for C:\Users\assharma\source\repos\tavisca-asmita\CICD\CommandLineExecution\CommandLineExecution.csproj.
  Restore completed in 49.2 ms for C:\Users\assharma\source\repos\tavisca-asmita\CICD\XUnitTestProject1\XUnitTestProject1.csproj.
  CommandLineExecution -> C:\Users\assharma\source\repos\tavisca-asmita\CICD\CommandLineExecution\bin\Debug\netcoreapp2.1\CommandLineExecution.dll
  XUnitTestProject1 -> C:\Users\assharma\source\repos\tavisca-asmita\CICD\XUnitTestProject1\bin\Debug\netcoreapp2.1\XUnitTestProject1.dll

Build succeeded.
    0 Warning(s)
    0 Error(s)

Time Elapsed 00:00:01.33

C:\Users\assharma\source\repos\tavisca-asmita\CICD\XUnitTestProject1>dotnet run
